###############################################################################
#
# IAR ELF Linker V9.10.2.313/W64 for ARM                  06/Jan/2022  12:36:23
# Copyright 2007-2021 IAR Systems AB.
#
#    Output file  =  D:\Project\Debug\Exe\des.out
#    Map file     =  D:\Project\Debug\List\des.map
#    Command line =
#        -f D:\Project\Debug\Exe\des.out.rsp (D:\Project\Debug\Obj\DIO.o
#        D:\Project\Debug\Obj\main.o D:\Project\Debug\Obj\startup_ewarm.o
#        --no_out_extension -o D:\Project\Debug\Exe\des.out --redirect
#        _Printf=_PrintfFullNoMb --redirect _Scanf=_ScanfFullNoMb --map
#        D:\Project\Debug\List\des.map --config "C:\Program Files\IAR
#        Systems\Embedded Workbench
#        9.0\arm\config\linker\TexasInstruments\TM4C123GH6.icf" --semihosting
#        C:\ti\TivaWare_C_Series-2.1.4.178\driverlib\ewarm\Exe\driverlib.a
#        --entry __iar_program_start --vfe --text_out locale)
#
###############################################################################

*******************************************************************************
*** MESSAGES
***

Warning[Lt009]: Inconsistent wchar_t size
            gpio.o(driverlib.a) and 4 other objects in driverlib.a have wchar_t
                      size 16 bits
            DIO.o and 15 other objects, some of them in dl7M_tln.a and 11 other
                      libraries have wchar_t size 32 bits


*******************************************************************************
*** RUNTIME MODEL ATTRIBUTES
***

CppFlavor       = *
__SystemLibrary = DLib
__dlib_version  = 6


*******************************************************************************
*** HEAP SELECTION
***

The basic heap was selected because some modules are built with
size limitations (and not runtime checking), and --advanced_heap
was not specified.


*******************************************************************************
*** PLACEMENT SUMMARY
***

"A0":  place at address 0x0 { ro section .intvec };
"P1":  place in [from 0x0 to 0x3'ffff] { ro };
define block CSTACK with size = 4K, alignment = 8 { };
define block HEAP with size = 8K, alignment = 8 { };
"P2":  place in [from 0x2000'0000 to 0x2000'7fff] {
          rw, block CSTACK, block HEAP };
do not initialize { rw section .noinit };
initialize by copy { rw };

  Section            Kind         Address   Size  Object
  -------            ----         -------   ----  ------
"A0":                                      0x26c
  .intvec            const            0x0  0x26c  startup_ewarm.o [1]
                                  - 0x26c  0x26c

"P1":                                      0xf28
  .text              ro code        0x26c  0x458  main.o [1]
  .text              ro code        0x6c4   0x44  sysctl.o [3]
  .text              ro code        0x708  0x160  interrupt.o [3]
  .text              ro code        0x868  0x3f8  gpio.o [3]
  .text              ro code        0xc60   0x34  systick.o [3]
  .text              ro code        0xc94  0x3a0  DIO.o [1]
  .text              ro code       0x1034   0x38  zero_init3.o [5]
  .text              ro code       0x106c   0x2a  copy_init3.o [5]
  .text              ro code       0x1098   0x28  data_init.o [5]
  .text              ro code       0x10c0   0x22  fpinit_M.o [4]
  .iar.init_table    const         0x10e4   0x24  - Linker created -
  .text              ro code       0x1108   0x1e  startup_ewarm.o [1]
  .text              ro code       0x1128   0x1c  cstartup_M.o [5]
  .text              ro code       0x1144   0x1e  cmain.o [5]
  .text              ro code       0x1162    0x4  low_level_init.o [2]
  .text              ro code       0x1166    0x4  exit.o [2]
  .text              ro code       0x116c    0xa  cexit.o [5]
  .text              ro code       0x1178   0x14  exit.o [6]
  Initializer bytes  const         0x118c    0x8  <for P2-1>
  .rodata            const         0x1194    0x0  zero_init3.o [5]
  .rodata            const         0x1194    0x0  copy_init3.o [5]
                                 - 0x1194  0xf28

"P2", part 1 of 3:                           0x8
  P2-1                        0x2000'0000    0x8  <Init block>
    .data            inited   0x2000'0000    0x4  main.o [1]
    .data            inited   0x2000'0004    0x4  main.o [1]
                            - 0x2000'0008    0x8

"P2", part 2 of 3:                         0x66c
  VTABLE             zero     0x2000'0400  0x26c  interrupt.o [3]
  .bss               zero     0x2000'066c    0x4  main.o [1]
  .bss               zero     0x2000'0670    0x4  main.o [1]
                            - 0x2000'0674  0x66c

"P2", part 3 of 3:                         0x400
  .noinit            uninit   0x2000'0674  0x400  startup_ewarm.o [1]
                            - 0x2000'0a74  0x400

Unused ranges:

         From           To      Size
         ----           --      ----
       0x1194     0x3'ffff  0x3'ee6c
  0x2000'0a74  0x2000'7fff    0x758c


*******************************************************************************
*** INIT TABLE
***

          Address      Size
          -------      ----
Zero (__iar_zero_init3)
    1 destination range, total size 0x274:
          0x2000'0400  0x274

Copy (__iar_copy_init3)
    1 source range, total size 0x8:
               0x118c    0x8
    1 destination range, total size 0x8:
          0x2000'0000    0x8



*******************************************************************************
*** MODULE SUMMARY
***

    Module            ro code  ro data  rw data
    ------            -------  -------  -------
command line/config:
    -------------------------------------------
    Total:

D:\Project\Debug\Obj: [1]
    DIO.o                 928
    main.o              1'112        8       16
    startup_ewarm.o        30      620    1'024
    -------------------------------------------
    Total:              2'070      628    1'040

dl7M_tln.a: [2]
    exit.o                  4
    low_level_init.o        4
    -------------------------------------------
    Total:                  8

driverlib.a: [3]
    gpio.o              1'016
    interrupt.o           352               620
    sysctl.o               68
    systick.o              52
    -------------------------------------------
    Total:              1'488               620

m7M_tls.a: [4]
    fpinit_M.o             34
    -------------------------------------------
    Total:                 34

rt7M_tl.a: [5]
    cexit.o                10
    cmain.o                30
    copy_init3.o           42
    cstartup_M.o           28
    data_init.o            40
    zero_init3.o           56
    -------------------------------------------
    Total:                206

shb_l.a: [6]
    exit.o                 20
    -------------------------------------------
    Total:                 20

    Gaps                    8        2    1'016
    Linker created                  36
-----------------------------------------------
    Grand Total:        3'834      666    2'676


*******************************************************************************
*** ENTRY LIST
***

Entry                       Address   Size  Type      Object
-----                       -------   ----  ----      ------
.iar.init_table$$Base        0x10e4          --   Gb  - Linker created -
.iar.init_table$$Limit       0x1108          --   Gb  - Linker created -
?main                        0x1145         Code  Gb  cmain.o [5]
DIO_Init                      0xc95  0x2ca  Code  Gb  DIO.o [1]
DIO_WritePort                 0xf5f   0x3c  Code  Gb  DIO.o [1]
FaultISR                     0x1123    0x2  Code  Lc  startup_ewarm.o [1]
GPIODirModeSet                0x8a9   0x28  Code  Gb  gpio.o [3]
GPIOIntClear                  0xa4b    0x6  Code  Gb  gpio.o [3]
GPIOIntEnable                 0xa45    0x6  Code  Gb  gpio.o [3]
GPIOIntRegister               0xa51   0x14  Code  Gb  gpio.o [3]
GPIOPadConfigSet              0x8d1  0x174  Code  Gb  gpio.o [3]
GPIOPinRead                   0xa6d    0x6  Code  Gb  gpio.o [3]
GPIOPinTypeGPIOInput          0xa77   0x14  Code  Gb  gpio.o [3]
GPIOPinTypeGPIOOutput         0xa8b    0xa  Code  Gb  gpio.o [3]
IntDefaultHandler            0x1125    0x2  Code  Lc  startup_ewarm.o [1]
IntEnable                     0x753   0x56  Code  Gb  interrupt.o [3]
IntPrioritySet                0x72f   0x24  Code  Gb  interrupt.o [3]
IntRegister                   0x709   0x26  Code  Gb  interrupt.o [3]
NmiSR                        0x1121    0x2  Code  Lc  startup_ewarm.o [1]
PedBtnsHandler                0x521   0xcc  Code  Gb  main.o [1]
Region$$Table$$Base          0x10e4          --   Gb  - Linker created -
Region$$Table$$Limit         0x1108          --   Gb  - Linker created -
ResetISR                     0x1109   0x14  Code  Gb  startup_ewarm.o [1]
SysCtlPeripheralEnable        0x6e5    0x8  Code  Gb  sysctl.o [3]
SysCtlPeripheralReady         0x6c5    0x8  Code  Gb  sysctl.o [3]
SysTickDisable                0xc6d    0xc  Code  Gb  systick.o [3]
SysTickEnable                 0xc61    0xc  Code  Gb  systick.o [3]
SysTickHandler                0x40b  0x116  Code  Gb  main.o [1]
SysTickIntEnable              0xc79    0xc  Code  Gb  systick.o [3]
SysTickPeriodSet              0xc85    0x8  Code  Gb  systick.o [3]
Timer0AHandler                0x5ed   0x84  Code  Gb  main.o [1]
_GPIOIntNumberGet             0x869   0x40  Code  Lc  gpio.o [3]
__cmain                      0x1145         Code  Gb  cmain.o [5]
__exit                       0x1179   0x14  Code  Gb  exit.o [6]
__iar_copy_init3             0x106d   0x2a  Code  Gb  copy_init3.o [5]
__iar_data_init3             0x1099   0x28  Code  Gb  data_init.o [5]
__iar_init_vfp               0x10c1         Code  Gb  fpinit_M.o [4]
__iar_program_start          0x1129         Code  Gb  cstartup_M.o [5]
__iar_zero_init3             0x1035   0x38  Code  Gb  zero_init3.o [5]
__low_level_init             0x1163    0x4  Code  Gb  low_level_init.o [2]
__vector_table                  0x0  0x26c  Data  Gb  startup_ewarm.o [1]
_call_main                   0x1151         Code  Gb  cmain.o [5]
_exit                        0x116d         Code  Gb  cexit.o [5]
exit                         0x1167    0x4  Code  Gb  exit.o [2]
g_pfnRAMVectors         0x2000'0400  0x26c  Data  Lc  interrupt.o [3]
g_ppui32GPIOIntMapBlizzard
                              0xac8   0xc0  Data  Lc  gpio.o [3]
g_ppui32GPIOIntMapSnowflake
                              0xb88   0xd8  Data  Lc  gpio.o [3]
g_pui32EnRegs                 0x854   0x14  Data  Lc  interrupt.o [3]
g_pui32Regs                   0x7b8   0x9c  Data  Lc  interrupt.o [3]
main                          0x26d  0x19e  Code  Gb  main.o [1]
pui32Stack              0x2000'0674  0x400  Data  Lc  startup_ewarm.o [1]
timerCounter            0x2000'066c    0x4  Data  Lc  main.o [1]
traffic1State           0x2000'0000    0x4  Data  Lc  main.o [1]
traffic2State           0x2000'0004    0x4  Data  Lc  main.o [1]
whichBtn                0x2000'0670    0x4  Data  Lc  main.o [1]


[1] = D:\Project\Debug\Obj
[2] = dl7M_tln.a
[3] = driverlib.a
[4] = m7M_tls.a
[5] = rt7M_tl.a
[6] = shb_l.a

  3'834 bytes of readonly  code memory
    666 bytes of readonly  data memory
  2'676 bytes of readwrite data memory

Errors: none
Warnings: 1
